Microchip MPLAB XC8 Compiler V2.32

Linker command line:

-W-3 --edf=C:\Program Files\Microchip\xc8\v2.32\pic\dat\en_msgs.txt -cn \
  -h+dist/default/debug\atomizer.X.debug.sym \
  --cmf=dist/default/debug\atomizer.X.debug.cmf -z -Q16F1578 \
  -oC:\Users\zbn02\AppData\Local\Temp\xcAse1o.4 --defsym=__MPLAB_BUILD=1 \
  -Mdist/default/debug/atomizer.X.debug.map -E1 -ver=XC8 Compiler \
  --acfsm=1493 -ASTACK=0209Bh-02197h -pstack=STACK -ACODE=00h-07FFhx2 \
  -ASTRCODE=00h-0FFFh -ASTRING=00h-0FFhx16 -ACONST=00h-0FFhx16 \
  -AENTRY=00h-0FFhx16 -ACOMMON=070h-07Fh -ABANK0=020h-06Fh \
  -ABANK1=0A0h-0EFh -ABANK2=0120h-016Fh -ABANK3=01A0h-01EFh \
  -ABANK4=0220h-026Fh -ABANK5=02A0h-02EFh -ABANK6=0320h-032Fh \
  -ABIGRAM=02000h-021EFh \
  -ARAM=020h-06Fh,0A0h-0EFh,0120h-016Fh,01A0h-01EFh,0220h-026Fh,02A0h-02EFh,0320h-032Fh \
  -AABS1=020h-07Fh,0A0h-0EFh,0120h-016Fh,01A0h-01EFh,0220h-026Fh,02A0h-02EFh,0320h-032Fh \
  -ASFR0=00h-01Fh -ASFR1=080h-09Fh -ASFR2=0100h-011Fh -ASFR3=0180h-019Fh \
  -ASFR4=0200h-021Fh -ASFR5=0280h-029Fh -ASFR6=0300h-031Fh \
  -ASFR7=0380h-03EFh -ASFR8=0400h-046Fh -ASFR9=0480h-04EFh \
  -ASFR10=0500h-056Fh -ASFR11=0580h-05EFh -ASFR12=0600h-066Fh \
  -ASFR13=0680h-06EFh -ASFR14=0700h-076Fh -ASFR15=0780h-07EFh \
  -ASFR16=0800h-086Fh -ASFR17=0880h-08EFh -ASFR18=0900h-096Fh \
  -ASFR19=0980h-09EFh -ASFR20=0A00h-0A6Fh -ASFR21=0A80h-0AEFh \
  -ASFR22=0B00h-0B6Fh -ASFR23=0B80h-0BEFh -ASFR24=0C00h-0C6Fh \
  -ASFR25=0C80h-0CEFh -ASFR26=0D00h-0D6Fh -ASFR27=0D80h-0DEFh \
  -ASFR28=0E00h-0E6Fh -ASFR29=0E80h-0EEFh -ASFR30=0F00h-0F6Fh \
  -ASFR31=0F80h-0FEFh -ACONFIG=08007h-08008h -DCONFIG=2 \
  -AIDLOC=08000h-08003h -DIDLOC=2 -DCODE=2 -DSTRCODE=2 -DSTRING=2 -DCONST=2 \
  -DENTRY=2 -preset_vec=00h,intentry,init,end_init -ppowerup=CODE \
  -pcinit=CODE -pfunctab=ENTRY -k \
  C:\Users\zbn02\AppData\Local\Temp\xcAse1o.o \
  dist/default/debug\atomizer.X.debug.o 

Object code version is 3.11

Machine type is 16F1578



                Name                               Link     Load   Length Selector   Space Scale
C:\Users\zbn02\AppData\Local\Temp\xcAse1o.o
                end_init                              3        3        2        0       0
                reset_vec                             0        0        3        0       0
                config                             8007     8007        2        0       4
dist/default/debug\atomizer.X.debug.o
                cinit                               7CD      7CD       33      F9A       0
                config                             8007     8007        2        0       4
                text27                              8E4      8E4       18     11C8       0
                text26                              ADB      ADB       63     15B6       0
                text25                              D60      D60       FC     1AC0       0
                text24                              89F      89F        6     113E       0
                text23                                5        5       15        0       0
                text22                              99F      99F       3E     133E       0
                text21                              8A5      8A5        9     114A       0
                text20                              C1B      C1B       99     1836       0
                text19                              977      977       28     12EE       0
                text18                              9DD      9DD       50     13BA       0
                text17                              E5C      E5C      1A4     1CB8       0
                text16                              897      897        3     112E       0
                text15                              916      916       1E     122C       0
                text14                               1A       1A       C4       34       0
                text13                              A2D      A2D       51     145A       0
                text12                              954      954       23     12A8       0
                text11                              316      316      257      62C       0
                text10                               DE       DE      238      1BC       0
                text9                               934      934       20     1268       0
                text8                               BA6      BA6       75     174C       0
                text7                               CB4      CB4       AC     1968       0
                text6                               56D      56D      260      ADA       0
                text5                               8D3      8D3       11     11A6       0
                text4                               8FC      8FC       1A     11F8       0
                text3                               8AE      8AE        C     115C       0
                text2                               8C6      8C6        D     118C       0
                text1                               A7E      A7E       5D     14FC       0
                maintext                            B3E      B3E       68     167C       0
                cstackBANK0                          20       20       46       20       1
                cstackCOMMON                         70       70        E       70       1
                clrtext                             8BA      8BA        C     1174       0
                dataBANK1                            E6       E6        5       A0       1
                bssBANK1                             A0       A0       46       A0       1
                bssBANK0                             66       66        A       20       1
                stringtext2                         858      858        7     1000       0
                stringtext1                         800      800       58     1000       0
                idataBANK1                          89A      89A        5     1134       0

TOTAL           Name                               Link     Load   Length     Space
        CLASS   STACK          

        CLASS   CODE           
                end_init                              3        3        2         0
                cinit                               7CD      7CD       33         0
                reset_vec                             0        0        3         0
                text27                              8E4      8E4       18         0
                text26                              ADB      ADB       63         0
                text25                              D60      D60       FC         0
                text24                              89F      89F        6         0
                text23                                5        5       15         0
                text22                              99F      99F       3E         0
                text21                              8A5      8A5        9         0
                text20                              C1B      C1B       99         0
                text19                              977      977       28         0
                text18                              9DD      9DD       50         0
                text17                              E5C      E5C      1A4         0
                text16                              897      897        3         0
                text15                              916      916       1E         0
                text14                               1A       1A       C4         0
                text13                              A2D      A2D       51         0
                text12                              954      954       23         0
                text11                              316      316      257         0
                text10                               DE       DE      238         0
                text9                               934      934       20         0
                text8                               BA6      BA6       75         0
                text7                               CB4      CB4       AC         0
                text6                               56D      56D      260         0
                text5                               8D3      8D3       11         0
                text4                               8FC      8FC       1A         0
                text3                               8AE      8AE        C         0
                text2                               8C6      8C6        D         0
                text1                               A7E      A7E       5D         0
                maintext                            B3E      B3E       68         0
                clrtext                             8BA      8BA        C         0
                idataBANK1                          89A      89A        5         0

        CLASS   STRCODE        
                stringtext2                         858      858        7         0
                stringtext1                         800      800       58         0

        CLASS   STRING         

        CLASS   CONST          

        CLASS   ENTRY          

        CLASS   COMMON         
                cstackCOMMON                         70       70        E         1

        CLASS   BANK0          
                cstackBANK0                          20       20       46         1
                bssBANK0                             66       66        A         1

        CLASS   BANK1          
                dataBANK1                            E6       E6        5         1
                bssBANK1                             A0       A0       46         1

        CLASS   BANK2          

        CLASS   BANK3          

        CLASS   BANK4          

        CLASS   BANK5          

        CLASS   BANK6          

        CLASS   BIGRAM         

        CLASS   RAM            

        CLASS   ABS1           
                abs_s1                               7E       7E        2         1
                abs_s1                              2A8      2A8       48         1
                abs_s1                              320      320       10         1
                abs_s1                             2198     2198        0         1

        CLASS   SFR0           

        CLASS   SFR1           

        CLASS   SFR2           

        CLASS   SFR3           

        CLASS   SFR4           

        CLASS   SFR5           

        CLASS   SFR6           

        CLASS   SFR7           

        CLASS   SFR8           

        CLASS   SFR9           

        CLASS   SFR10          

        CLASS   SFR11          

        CLASS   SFR12          

        CLASS   SFR13          

        CLASS   SFR14          

        CLASS   SFR15          

        CLASS   SFR16          

        CLASS   SFR17          

        CLASS   SFR18          

        CLASS   SFR19          

        CLASS   SFR20          

        CLASS   SFR21          

        CLASS   SFR22          

        CLASS   SFR23          

        CLASS   SFR24          

        CLASS   SFR25          

        CLASS   SFR26          

        CLASS   SFR27          

        CLASS   SFR28          

        CLASS   SFR29          

        CLASS   SFR30          

        CLASS   SFR31          

        CLASS   CONFIG         
                config                             8007     8007        2         4

        CLASS   IDLOC          

        CLASS   BANK31         

        CLASS   BANK30         

        CLASS   BANK29         

        CLASS   BANK28         

        CLASS   BANK27         

        CLASS   BANK26         

        CLASS   BANK25         

        CLASS   BANK24         

        CLASS   BANK23         

        CLASS   BANK22         

        CLASS   BANK21         

        CLASS   BANK20         

        CLASS   BANK19         

        CLASS   BANK18         

        CLASS   BANK17         

        CLASS   BANK16         

        CLASS   BANK15         

        CLASS   BANK14         

        CLASS   BANK13         

        CLASS   BANK12         

        CLASS   BANK11         

        CLASS   BANK10         

        CLASS   BANK9          

        CLASS   BANK8          

        CLASS   BANK7          

        CLASS   EEDATA         



SEGMENTS        Name                           Load    Length   Top    Selector   Space  Class     Delta

                reset_vec                      000000  00001A  00001A         0       0  CODE        2
                cstackBANK0                    000020  000050  000070        20       1  BANK0       1
                text14                         00001A  0000C4  0000DE        34       0  CODE        2
                cstackCOMMON                   000070  00000E  00007E        70       1  COMMON      1
                bssBANK1                       0000A0  00004B  0000EB        A0       1  BANK1       1
                text10                         0000DE  000238  000316       1BC       0  CODE        2
                text11                         000316  000257  00056D       62C       0  CODE        2
                text6                          00056D  000260  0007CD       ADA       0  CODE        2
                cinit                          0007CD  000033  000800       F9A       0  CODE        2
                stringtext1                    000800  00005F  00085F      1000       0  STRCODE     2
                text16                         000897  000003  00089A      112E       0  CODE        2
                idataBANK1                     00089A  000005  00089F      1134       0  CODE        2
                text24                         00089F  000006  0008A5      113E       0  CODE        2
                text21                         0008A5  000009  0008AE      114A       0  CODE        2
                text3                          0008AE  00000C  0008BA      115C       0  CODE        2
                clrtext                        0008BA  00000C  0008C6      1174       0  CODE        2
                text2                          0008C6  00000D  0008D3      118C       0  CODE        2
                text5                          0008D3  000011  0008E4      11A6       0  CODE        2
                text27                         0008E4  000018  0008FC      11C8       0  CODE        2
                text4                          0008FC  00001A  000916      11F8       0  CODE        2
                text15                         000916  00001E  000934      122C       0  CODE        2
                text9                          000934  000020  000954      1268       0  CODE        2
                text12                         000954  000023  000977      12A8       0  CODE        2
                text19                         000977  000028  00099F      12EE       0  CODE        2
                text22                         00099F  00003E  0009DD      133E       0  CODE        2
                text18                         0009DD  000050  000A2D      13BA       0  CODE        2
                text13                         000A2D  000051  000A7E      145A       0  CODE        2
                text1                          000A7E  00005D  000ADB      14FC       0  CODE        2
                text26                         000ADB  000063  000B3E      15B6       0  CODE        2
                maintext                       000B3E  000068  000BA6      167C       0  CODE        2
                text8                          000BA6  000075  000C1B      174C       0  CODE        2
                text20                         000C1B  000099  000CB4      1836       0  CODE        2
                text7                          000CB4  0000AC  000D60      1968       0  CODE        2
                text25                         000D60  0000FC  000E5C      1AC0       0  CODE        2
                text17                         000E5C  0001A4  001000      1CB8       0  CODE        2


UNUSED ADDRESS RANGES

        Name                Unused          Largest block    Delta
        BANK1            000EB-000EF               5           1
        BANK2            00120-0016F              50           1
        BANK3            001A0-001EF              50           1
        BANK4            00220-0026F              50           1
        BANK5            002A0-002A7               8           1
        BIGRAM           02000-021EF             1F0           1
        CODE             0085F-00896              38           2
        CONST            0085F-00896              38           2
        ENTRY            0085F-00896              38           2
        IDLOC            08000-08003               4           2
        RAM              000EB-000EF               5           1
                         00120-0016F              50
                         001A0-001EF              50
                         00220-0026F              50
                         002A0-002A7               8
        SFR0             00000-0001F              20           1
        SFR1             00080-0009F              20           1
        SFR10            00500-0056F              70           1
        SFR11            00580-005EF              70           1
        SFR12            00600-0066F              70           1
        SFR13            00680-006EF              70           1
        SFR14            00700-0076F              70           1
        SFR15            00780-007EF              70           1
        SFR16            00800-0086F              70           1
        SFR17            00880-008EF              70           1
        SFR18            00900-0096F              70           1
        SFR19            00980-009EF              70           1
        SFR2             00100-0011F              20           1
        SFR20            00A00-00A6F              70           1
        SFR21            00A80-00AEF              70           1
        SFR22            00B00-00B6F              70           1
        SFR23            00B80-00BEF              70           1
        SFR24            00C00-00C6F              70           1
        SFR25            00C80-00CEF              70           1
        SFR26            00D00-00D6F              70           1
        SFR27            00D80-00DEF              70           1
        SFR28            00E00-00E6F              70           1
        SFR29            00E80-00EEF              70           1
        SFR3             00180-0019F              20           1
        SFR30            00F00-00F6F              70           1
        SFR31            00F80-00FEF              70           1
        SFR4             00200-0021F              20           1
        SFR5             00280-0029F              20           1
        SFR6             00300-0031F              20           1
        SFR7             00380-003EF              70           1
        SFR8             00400-0046F              70           1
        SFR9             00480-004EF              70           1
        STACK            0209B-02197              FD           1
        STRCODE          0085F-00896              38           2
        STRING           0085F-00896              38           2

                                  Symbol Table

?_GetADC                 cstackCOMMON 00075
?__Umul8_16              cstackCOMMON 00070
?___fladd                cstackBANK0  0003A
?___flmul                cstackBANK0  00020
?___flsub                cstackBANK0  0004E
?___fltol                cstackBANK0  00056
?___xxtofl               cstackCOMMON 00070
DelayC@ct                cstackCOMMON 00074
DelayC@i                 cstackCOMMON 00072
GetADC@adbuf             cstackBANK0  00024
GetADC@ch                cstackBANK0  00020
GetADC@i                 cstackBANK0  00023
GetADC@total_ad          cstackBANK0  00021
GetKey@i                 cstackCOMMON 0007B
GetWater@i               cstackBANK0  00026
GetWater@j               cstackBANK0  00027
ReadCurrent@i            cstackCOMMON 0007B
ScanF@j1                 cstackCOMMON 00079
T500ms_Event@ADC_Val     cstackBANK0  00063
_ADCON0bits              (abs)        0009D
_ADCON1bits              (abs)        0009E
_ADMax                   dataBANK1    000E6
_ADMax2                  dataBANK1    000E8
_ADMin                   bssBANK1     000CC
_ADMin2                  bssBANK1     000D4
_ADRESH                  (abs)        0009C
_ADRESL                  (abs)        0009B
_AD_Cur                  bssBANK1     000A0
_AD_Tal                  bssBANK1     000CA
_AD_init                 text5        008D3
_ANSELA                  (abs)        0018C
_ANSELB                  (abs)        0018D
_ANSELC                  (abs)        0018E
_CTA                     (abs)        02198
_CurMax                  bssBANK1     000D2
_CurMax2                 bssBANK1     000D0
_DelayC                  text27       008E4
_ERRcnt                  bssBANK1     000D8
_ErrInf                  text21       008A5
_Failcnt                 bssBANK1     000D7
_Flg                     bssBANK0     0006F
_Flg2                    bssBANK0     0006E
_Get3A                   bssBANK1     000E3
_GetADC                  text26       00ADB
_GetKey                  text25       00D60
_GetWater                text19       00977
_INTCON                  (abs)        0000B
_INTCONbits              (abs)        0000B
_Key                     bssBANK0     0006B
_KeyADC                  bssBANK1     000C8
_KeyPro                  text18       009DD
_KeyTime                 bssBANK1     000DD
_LATA                    (abs)        0010C
_LATAbits                (abs)        0010C
_LATB                    (abs)        0010D
_LATBbits                (abs)        0010D
_LATC                    (abs)        0010E
_LATCbits                (abs)        0010E
_LED_OFF                 text22       0099F
_LED_Show                text14       0001A
_MinS_Cnt                bssBANK1     000D9
_NoWater                 bssBANK0     0006D
_OPTION_REG              (abs)        00095
_OPTION_REGbits          (abs)        00095
_OSCCONbits              (abs)        00099
_OSCSTAT                 (abs)        0009A
_OSCTUNE                 (abs)        00098
_PIE1bits                (abs)        00091
_PIR1bits                (abs)        00011
_PIR3bits                (abs)        00013
_PORTA                   (abs)        0000C
_PORTAbits               (abs)        0000C
_PORTB                   (abs)        0000D
_PORTBbits               (abs)        0000D
_PORTC                   (abs)        0000E
_PWM3CLKCONbits          (abs)        00DBE
_PWM3CONbits             (abs)        00DBB
_PWM3DCH                 (abs)        00DB4
_PWM3DCL                 (abs)        00DB3
_PWM3INTEbits            (abs)        00DBC
_PWM3INTFbits            (abs)        00DBD
_PWM3LDCONbits           (abs)        00DBF
_PWM3OFCONbits           (abs)        00DC0
_PWM3PHH                 (abs)        00DB2
_PWM3PHL                 (abs)        00DB1
_PWM3PRH                 (abs)        00DB6
_PWM3PRL                 (abs)        00DB5
_PWMOFF                  text23       00005
_PWMON                   text24       0089F
_PWMT                    stringtext1  00800
_PWMTime                 bssBANK1     000E4
_PWMTime_Val             dataBANK1    000EA
_PWM_init                text4        008FC
_RC3PPS                  (abs)        00EA3
_ReadCurrent             text20       00C1B
_ScanF                   text17       00E5C
_ScanWait                bssBANK1     000E0
_T0IF                    (abs)        0005A
_T100ms_Event            text16       00897
_T1CON                   (abs)        00018
_T1s_Event               text15       00916
_T30s_cnt                bssBANK1     000DB
_T500ms_Event            text6        0056D
_T500ms_Event$1203       cstackBANK0  00062
_TMR0                    (abs)        00015
_TMR1H                   (abs)        00017
_TMR1L                   (abs)        00016
_TMR1ON                  (abs)        000C0
_TRISA                   (abs)        0008C
_TRISB                   (abs)        0008D
_TRISC                   (abs)        0008E
_Time0_init              text3        008AE
_Time1_init              text2        008C6
_TouchTime               bssBANK0     0006A
_TwoData_COM             text13       00A2D
_WPUA                    (abs)        0020C
_WPUB                    (abs)        0020D
_WPUC                    (abs)        0020E
__Habs1                  abs1         00000
__Hbank0                 bank0        00000
__Hbank1                 bank1        00000
__Hbank10                bank10       00000
__Hbank11                bank11       00000
__Hbank12                bank12       00000
__Hbank13                bank13       00000
__Hbank14                bank14       00000
__Hbank15                bank15       00000
__Hbank16                bank16       00000
__Hbank17                bank17       00000
__Hbank18                bank18       00000
__Hbank19                bank19       00000
__Hbank2                 bank2        00000
__Hbank20                bank20       00000
__Hbank21                bank21       00000
__Hbank22                bank22       00000
__Hbank23                bank23       00000
__Hbank24                bank24       00000
__Hbank25                bank25       00000
__Hbank26                bank26       00000
__Hbank27                bank27       00000
__Hbank28                bank28       00000
__Hbank29                bank29       00000
__Hbank3                 bank3        00000
__Hbank30                bank30       00000
__Hbank31                bank31       00000
__Hbank4                 bank4        00000
__Hbank5                 bank5        00000
__Hbank6                 bank6        00000
__Hbank7                 bank7        00000
__Hbank8                 bank8        00000
__Hbank9                 bank9        00000
__Hbigram                bigram       00000
__HbssBANK0              bssBANK0     00000
__HbssBANK1              bssBANK1     00000
__Hcinit                 cinit        00800
__Hclrtext               clrtext      00000
__Hcode                  code         00000
__Hcommon                common       00000
__Hconfig                config       08009
__HcstackBANK0           cstackBANK0  00000
__HcstackCOMMON          cstackCOMMON 00000
__HdataBANK1             dataBANK1    00000
__Heeprom_data           eeprom_data  00000
__Hend_init              end_init     00005
__Hfunctab               functab      00000
__HidataBANK1            idataBANK1   00000
__Hinit                  init         00003
__Hintentry              intentry     00003
__Hmaintext              maintext     00000
__Hpowerup               powerup      00000
__Hram                   ram          00000
__Hreset_vec             reset_vec    00003
__Hsfr0                  sfr0         00000
__Hsfr1                  sfr1         00000
__Hsfr10                 sfr10        00000
__Hsfr11                 sfr11        00000
__Hsfr12                 sfr12        00000
__Hsfr13                 sfr13        00000
__Hsfr14                 sfr14        00000
__Hsfr15                 sfr15        00000
__Hsfr16                 sfr16        00000
__Hsfr17                 sfr17        00000
__Hsfr18                 sfr18        00000
__Hsfr19                 sfr19        00000
__Hsfr2                  sfr2         00000
__Hsfr20                 sfr20        00000
__Hsfr21                 sfr21        00000
__Hsfr22                 sfr22        00000
__Hsfr23                 sfr23        00000
__Hsfr24                 sfr24        00000
__Hsfr25                 sfr25        00000
__Hsfr26                 sfr26        00000
__Hsfr27                 sfr27        00000
__Hsfr28                 sfr28        00000
__Hsfr29                 sfr29        00000
__Hsfr3                  sfr3         00000
__Hsfr30                 sfr30        00000
__Hsfr31                 sfr31        00000
__Hsfr4                  sfr4         00000
__Hsfr5                  sfr5         00000
__Hsfr6                  sfr6         00000
__Hsfr7                  sfr7         00000
__Hsfr8                  sfr8         00000
__Hsfr9                  sfr9         00000
__Hspace_0               (abs)        01000
__Hspace_1               (abs)        000EB
__Hspace_2               (abs)        00000
__Hspace_3               (abs)        00000
__Hspace_4               (abs)        10010
__Hstack                 stack        00000
__Hstrings               strings      00000
__Hstringtext1           stringtext1  00000
__Hstringtext2           stringtext2  00000
__Htext                  text         00000
__Labs1                  abs1         00000
__Lbank0                 bank0        00000
__Lbank1                 bank1        00000
__Lbank10                bank10       00000
__Lbank11                bank11       00000
__Lbank12                bank12       00000
__Lbank13                bank13       00000
__Lbank14                bank14       00000
__Lbank15                bank15       00000
__Lbank16                bank16       00000
__Lbank17                bank17       00000
__Lbank18                bank18       00000
__Lbank19                bank19       00000
__Lbank2                 bank2        00000
__Lbank20                bank20       00000
__Lbank21                bank21       00000
__Lbank22                bank22       00000
__Lbank23                bank23       00000
__Lbank24                bank24       00000
__Lbank25                bank25       00000
__Lbank26                bank26       00000
__Lbank27                bank27       00000
__Lbank28                bank28       00000
__Lbank29                bank29       00000
__Lbank3                 bank3        00000
__Lbank30                bank30       00000
__Lbank31                bank31       00000
__Lbank4                 bank4        00000
__Lbank5                 bank5        00000
__Lbank6                 bank6        00000
__Lbank7                 bank7        00000
__Lbank8                 bank8        00000
__Lbank9                 bank9        00000
__Lbigram                bigram       00000
__LbssBANK0              bssBANK0     00000
__LbssBANK1              bssBANK1     00000
__Lcinit                 cinit        007CD
__Lclrtext               clrtext      00000
__Lcode                  code         00000
__Lcommon                common       00000
__Lconfig                config       00000
__LcstackBANK0           cstackBANK0  00000
__LcstackCOMMON          cstackCOMMON 00000
__LdataBANK1             dataBANK1    00000
__Leeprom_data           eeprom_data  00000
__Lend_init              end_init     00003
__Lfunctab               functab      00000
__LidataBANK1            idataBANK1   00000
__Linit                  init         00003
__Lintentry              intentry     00003
__Lmaintext              maintext     00000
__Lpowerup               powerup      00000
__Lram                   ram          00000
__Lreset_vec             reset_vec    00000
__Lsfr0                  sfr0         00000
__Lsfr1                  sfr1         00000
__Lsfr10                 sfr10        00000
__Lsfr11                 sfr11        00000
__Lsfr12                 sfr12        00000
__Lsfr13                 sfr13        00000
__Lsfr14                 sfr14        00000
__Lsfr15                 sfr15        00000
__Lsfr16                 sfr16        00000
__Lsfr17                 sfr17        00000
__Lsfr18                 sfr18        00000
__Lsfr19                 sfr19        00000
__Lsfr2                  sfr2         00000
__Lsfr20                 sfr20        00000
__Lsfr21                 sfr21        00000
__Lsfr22                 sfr22        00000
__Lsfr23                 sfr23        00000
__Lsfr24                 sfr24        00000
__Lsfr25                 sfr25        00000
__Lsfr26                 sfr26        00000
__Lsfr27                 sfr27        00000
__Lsfr28                 sfr28        00000
__Lsfr29                 sfr29        00000
__Lsfr3                  sfr3         00000
__Lsfr30                 sfr30        00000
__Lsfr31                 sfr31        00000
__Lsfr4                  sfr4         00000
__Lsfr5                  sfr5         00000
__Lsfr6                  sfr6         00000
__Lsfr7                  sfr7         00000
__Lsfr8                  sfr8         00000
__Lsfr9                  sfr9         00000
__Lspace_0               (abs)        00000
__Lspace_1               (abs)        00000
__Lspace_2               (abs)        00000
__Lspace_3               (abs)        00000
__Lspace_4               (abs)        00000
__Lstack                 stack        00000
__Lstrings               strings      00000
__Lstringtext1           stringtext1  00000
__Lstringtext2           stringtext2  00000
__Ltext                  text         00000
__S0                     (abs)        01000
__S1                     (abs)        000EB
__S2                     (abs)        00000
__Umul8_16               text12       00954
__Umul8_16@multiplicand  cstackCOMMON 00070
__Umul8_16@multiplier    cstackCOMMON 00078
__Umul8_16@product       cstackCOMMON 00074
__Umul8_16@word_mpld     cstackCOMMON 00076
___fladd                 text10       000DE
___fladd@a               cstackBANK0  0003E
___fladd@aexp            cstackBANK0  0004B
___fladd@b               cstackBANK0  0003A
___fladd@bexp            cstackBANK0  0004C
___fladd@grs             cstackBANK0  0004D
___fladd@signs           cstackBANK0  0004A
___flmul                 text11       00316
___flmul@a               cstackBANK0  00024
___flmul@aexp            cstackBANK0  00032
___flmul@b               cstackBANK0  00020
___flmul@bexp            cstackBANK0  00033
___flmul@grs             cstackBANK0  0002E
___flmul@prod            cstackBANK0  00034
___flmul@sign            cstackBANK0  0002D
___flmul@temp            cstackBANK0  00038
___flsub                 text9        00934
___flsub@a               cstackBANK0  0004E
___flsub@b               cstackBANK0  00052
___fltol                 text8        00BA6
___fltol@exp1            cstackBANK0  00060
___fltol@f1              cstackBANK0  00056
___fltol@sign1           cstackBANK0  0005F
___int_sp                stack        00000
___latbits               (abs)        00001
___sp                    stack        00000
___stackhi               (abs)        02197
___stacklo               (abs)        0209B
___xxtofl                text7        00CB4
___xxtofl@arg            cstackCOMMON 0007A
___xxtofl@exp            cstackCOMMON 00079
___xxtofl@sign           cstackCOMMON 00078
___xxtofl@val            cstackCOMMON 00070
__end_of_AD_init         text5        008E4
__end_of_DelayC          text27       008FC
__end_of_ErrInf          text21       008AE
__end_of_GetADC          text26       00B3E
__end_of_GetKey          text25       00E5C
__end_of_GetWater        text19       0099F
__end_of_KeyPro          text18       00A2D
__end_of_LED_OFF         text22       009DD
__end_of_LED_Show        text14       000DE
__end_of_PWMOFF          text23       0001A
__end_of_PWMON           text24       008A5
__end_of_PWMT            stringtext1  00858
__end_of_PWM_init        text4        00916
__end_of_ReadCurrent     text20       00CB4
__end_of_ScanF           text17       01000
__end_of_T100ms_Event    text16       0089A
__end_of_T1s_Event       text15       00934
__end_of_T500ms_Event    text6        007CD
__end_of_Time0_init      text3        008BA
__end_of_Time1_init      text2        008D3
__end_of_TwoData_COM     text13       00A7E
__end_of__Umul8_16       text12       00977
__end_of___fladd         text10       00316
__end_of___flmul         text11       0056D
__end_of___flsub         text9        00954
__end_of___fltol         text8        00C1B
__end_of___xxtofl        text7        00D60
__end_of__initialization cinit        007FD
__end_of_init            text1        00ADB
__end_of_main            maintext     00BA6
__end_of_time_it         stringtext2  0085F
__initialization         cinit        007CD
__pbssBANK0              bssBANK0     00066
__pbssBANK1              bssBANK1     000A0
__pbssBIGRAM             (abs)        02198
__pcstackBANK0           cstackBANK0  00020
__pcstackCOMMON          cstackCOMMON 00070
__pdataBANK1             dataBANK1    000E6
__pidataBANK1            idataBANK1   0089A
__pmaintext              maintext     00B3E
__pstringtext1           stringtext1  00800
__pstringtext2           stringtext2  00858
__ptext1                 text1        00A7E
__ptext10                text10       000DE
__ptext11                text11       00316
__ptext12                text12       00954
__ptext13                text13       00A2D
__ptext14                text14       0001A
__ptext15                text15       00916
__ptext16                text16       00897
__ptext17                text17       00E5C
__ptext18                text18       009DD
__ptext19                text19       00977
__ptext2                 text2        008C6
__ptext20                text20       00C1B
__ptext21                text21       008A5
__ptext22                text22       0099F
__ptext23                text23       00005
__ptext24                text24       0089F
__ptext25                text25       00D60
__ptext26                text26       00ADB
__ptext27                text27       008E4
__ptext3                 text3        008AE
__ptext4                 text4        008FC
__ptext5                 text5        008D3
__ptext6                 text6        0056D
__ptext7                 text7        00CB4
__ptext8                 text8        00BA6
__ptext9                 text9        00934
__size_of_AD_init        (abs)        00000
__size_of_DelayC         (abs)        00000
__size_of_ErrInf         (abs)        00000
__size_of_GetADC         (abs)        00000
__size_of_GetKey         (abs)        00000
__size_of_GetWater       (abs)        00000
__size_of_KeyPro         (abs)        00000
__size_of_LED_OFF        (abs)        00000
__size_of_LED_Show       (abs)        00000
__size_of_PWMOFF         (abs)        00000
__size_of_PWMON          (abs)        00000
__size_of_PWM_init       (abs)        00000
__size_of_ReadCurrent    (abs)        00000
__size_of_ScanF          (abs)        00000
__size_of_T100ms_Event   (abs)        00000
__size_of_T1s_Event      (abs)        00000
__size_of_T500ms_Event   (abs)        00000
__size_of_Time0_init     (abs)        00000
__size_of_Time1_init     (abs)        00000
__size_of_TwoData_COM    (abs)        00000
__size_of__Umul8_16      (abs)        00000
__size_of___fladd        (abs)        00000
__size_of___flmul        (abs)        00000
__size_of___flsub        (abs)        00000
__size_of___fltol        (abs)        00000
__size_of___xxtofl       (abs)        00000
__size_of_init           (abs)        00000
__size_of_main           (abs)        00000
_adc_false_cnt           bssBANK1     000DE
_adc_true_cnt            bssBANK1     000DF
_adkey                   bssBANK0     00066
_bFors_High              bssBANK1     000E1
_frq                     bssBANK0     0006C
_getcnt                  bssBANK1     000E2
_hz_cn                   bssBANK1     000CE
_hze                     bssBANK1     000E5
_init                    text1        00A7E
_main                    maintext     00B3E
_nt                      bssBANK1     000D6
_readkeytime             bssBANK1     000DC
_stakeytime              bssBANK0     00068
_time_it                 stringtext2  00858
_timecnt                 bssBANK0     00069
btemp                    (abs)        0007E
clear_ram0               clrtext      008BA
end_of_initialization    cinit        007FD
intlevel0                functab      00000
intlevel1                functab      00000
intlevel2                functab      00000
intlevel3                functab      00000
intlevel4                functab      00000
intlevel5                functab      00000
reset_vec                reset_vec    00000
start                    init         00003
start_initialization     cinit        007CD
wtemp0                   (abs)        0007E


MODULE INFORMATION

Module		Function		Class		Link	Load	Size
C:\Program Files\Microchip\xc8\v2.32\pic\sources\c99\common\sprcadd.c
		___flsub       		CODE           	0934	0000	32
		___fladd       		CODE           	00DE	0000	568

C:\Program Files\Microchip\xc8\v2.32\pic\sources\c99\common\sprcadd.c estimated size: 600

User/newmain.c
		_PWMOFF        		CODE           	0005	0000	21
		_T500ms_Event  		CODE           	056D	0000	608
		_T1s_Event     		CODE           	0916	0000	30
		_ReadCurrent   		CODE           	0C1B	0000	153
		_LED_OFF       		CODE           	099F	0000	62
		_main          		CODE           	0B3E	0000	104
		_PWMON         		CODE           	089F	0000	6
		_GetADC        		CODE           	0ADB	0000	99
		_GetKey        		CODE           	0D60	0000	252
		_ErrInf        		CODE           	08A5	0000	9
		_DelayC        		CODE           	08E4	0000	24
		_LED_Show      		CODE           	001A	0000	196
		_KeyPro        		CODE           	09DD	0000	80
		_T100ms_Event  		CODE           	0897	0000	3

User/newmain.c estimated size: 1647

shared
		_time_it       		STRCODE        	0858	0000	7
		_PWMT          		STRCODE        	0800	0000	88
		__initialization		CODE           	07CD	0000	48

shared estimated size: 143

C:\Program Files\Microchip\xc8\v2.32\pic\sources\c99\common\sprcmul.c
		___flmul       		CODE           	0316	0000	599

C:\Program Files\Microchip\xc8\v2.32\pic\sources\c99\common\sprcmul.c estimated size: 599

User/init.c
		_init          		CODE           	0A7E	0000	93
		_AD_init       		CODE           	08D3	0000	17
		_PWM_init      		CODE           	08FC	0000	26
		_Time0_init    		CODE           	08AE	0000	12
		_Time1_init    		CODE           	08C6	0000	13

User/init.c estimated size: 161

C:\Program Files\Microchip\xc8\v2.32\pic\sources\c99\common\Umul8_16.c
		__Umul8_16     		CODE           	0954	0000	35

C:\Program Files\Microchip\xc8\v2.32\pic\sources\c99\common\Umul8_16.c estimated size: 35

User/Fog.c
		_TwoData_COM   		CODE           	0A2D	0000	81
		_GetWater      		CODE           	0977	0000	40
		_ScanF         		CODE           	0E5C	0000	420

User/Fog.c estimated size: 541

C:\Program Files\Microchip\xc8\v2.32\pic\sources\c99\common\fltol.c
		___fltol       		CODE           	0BA6	0000	117

C:\Program Files\Microchip\xc8\v2.32\pic\sources\c99\common\fltol.c estimated size: 117

C:\Program Files\Microchip\xc8\v2.32\pic\sources\c99\common\xxtofl.c
		___xxtofl      		CODE           	0CB4	0000	172

C:\Program Files\Microchip\xc8\v2.32\pic\sources\c99\common\xxtofl.c estimated size: 172

