Microchip MPLAB XC8 Compiler V2.32

Linker command line:

-W-3 --edf=C:\Program Files\Microchip\xc8\v2.32\pic\dat\en_msgs.txt -cn \
  -h+.ca/dist/Config_2/production\atomizer.X.production.sym \
  --cmf=.ca/dist/Config_2/production\atomizer.X.production.cmf -z -Q16F1578 \
  -oC:\Users\zbn02\AppData\Local\Temp\xcAscq0.5 --defsym=__MPLAB_BUILD=1 \
  -M.ca/dist/Config_2/production/atomizer.X.production.map -E1 \
  -ver=XC8 Compiler --acfsm=1493 -ASTACK=0209Bh-02197h -pstack=STACK \
  -ACODE=00h-07FFhx2 -ASTRCODE=00h-0FFFh -ASTRING=00h-0FFhx16 \
  -ACONST=00h-0FFhx16 -AENTRY=00h-0FFhx16 -ACOMMON=070h-07Fh \
  -ABANK0=020h-06Fh -ABANK1=0A0h-0EFh -ABANK2=0120h-016Fh \
  -ABANK3=01A0h-01EFh -ABANK4=0220h-026Fh -ABANK5=02A0h-02EFh \
  -ABANK6=0320h-032Fh -ABIGRAM=02000h-021EFh \
  -ARAM=020h-06Fh,0A0h-0EFh,0120h-016Fh,01A0h-01EFh,0220h-026Fh,02A0h-02EFh,0320h-032Fh \
  -AABS1=020h-07Fh,0A0h-0EFh,0120h-016Fh,01A0h-01EFh,0220h-026Fh,02A0h-02EFh,0320h-032Fh \
  -ASFR0=00h-01Fh -ASFR1=080h-09Fh -ASFR2=0100h-011Fh -ASFR3=0180h-019Fh \
  -ASFR4=0200h-021Fh -ASFR5=0280h-029Fh -ASFR6=0300h-031Fh \
  -ASFR7=0380h-03EFh -ASFR8=0400h-046Fh -ASFR9=0480h-04EFh \
  -ASFR10=0500h-056Fh -ASFR11=0580h-05EFh -ASFR12=0600h-066Fh \
  -ASFR13=0680h-06EFh -ASFR14=0700h-076Fh -ASFR15=0780h-07EFh \
  -ASFR16=0800h-086Fh -ASFR17=0880h-08EFh -ASFR18=0900h-096Fh \
  -ASFR19=0980h-09EFh -ASFR20=0A00h-0A6Fh -ASFR21=0A80h-0AEFh \
  -ASFR22=0B00h-0B6Fh -ASFR23=0B80h-0BEFh -ASFR24=0C00h-0C6Fh \
  -ASFR25=0C80h-0CEFh -ASFR26=0D00h-0D6Fh -ASFR27=0D80h-0DEFh \
  -ASFR28=0E00h-0E6Fh -ASFR29=0E80h-0EEFh -ASFR30=0F00h-0F6Fh \
  -ASFR31=0F80h-0FEFh -ACONFIG=08007h-08008h -DCONFIG=2 \
  -AIDLOC=08000h-08003h -DIDLOC=2 -DCODE=2 -DSTRCODE=2 -DSTRING=2 -DCONST=2 \
  -DENTRY=2 -preset_vec=00h,intentry,init,end_init -ppowerup=CODE \
  -pcinit=CODE -pfunctab=ENTRY -k \
  C:\Users\zbn02\AppData\Local\Temp\xcAscq0.o \
  .ca/dist/Config_2/production\atomizer.X.production.o 

Object code version is 3.11

Machine type is 16F1578



                Name                               Link     Load   Length Selector   Space Scale
C:\Users\zbn02\AppData\Local\Temp\xcAscq0.o
                end_init                              2        2        2        0       0
                reset_vec                             0        0        2        0       0
                config                             8007     8007        2        0       4
.ca/dist/Config_2/production\atomizer.X.production.o
                cinit                               7CE      7CE       32      F9C       0
                config                             8007     8007        2        0       4
                text27                              ABC      ABC       16     1578       0
                text26                              C4D      C4D       5A     189A       0
                text25                              F2B      F2B       D5     1E56       0
                text24                              A79      A79        6     14F2       0
                text23                                4        4       15        0       0
                text22                              B40      B40       38     1680       0
                text21                              A7F      A7F        8     14FE       0
                text20                              D66      D66       7E     1ACC       0
                text19                               19       19       21       32       0
                text18                              B78      B78       3F     16F0       0
                text17                               3A       3A      189       74       0
                text16                              A72      A72        2     14E4       0
                text15                              AD2      AD2       18     15A4       0
                text14                              E79      E79       B2     1CF2       0
                text13                              BB7      BB7       48     176E       0
                text12                              B21      B21       1F     1642       0
                text11                              5B6      5B6      218      B6C       0
                text10                              1C3      1C3      1E1      386       0
                text9                               B04      B04       1D     1608       0
                text8                               D01      D01       65     1A02       0
                text7                               DE4      DE4       95     1BC8       0
                text6                               3A4      3A4      212      748       0
                text5                               AAB      AAB       11     1556       0
                text4                               AEA      AEA       1A     15D4       0
                text3                               A87      A87        C     150E       0
                text2                               A93      A93        C     1526       0
                text1                               CA7      CA7       5A     194E       0
                maintext                            BFF      BFF       4E     17FE       0
                cstackBANK0                          20       20       46       20       1
                cstackCOMMON                         70       70        E       70       1
                clrtext                             A9F      A9F        C     153E       0
                dataBANK1                            E6       E6        5       A0       1
                bssBANK1                             A0       A0       46       A0       1
                bssBANK0                             66       66        A       20       1
                stringtext2                         858      858        7     1000       0
                stringtext1                         800      800       58     1000       0
                idataBANK1                          A74      A74        5     14E8       0

TOTAL           Name                               Link     Load   Length     Space
        CLASS   STACK          

        CLASS   CODE           
                end_init                              2        2        2         0
                cinit                               7CE      7CE       32         0
                reset_vec                             0        0        2         0
                text27                              ABC      ABC       16         0
                text26                              C4D      C4D       5A         0
                text25                              F2B      F2B       D5         0
                text24                              A79      A79        6         0
                text23                                4        4       15         0
                text22                              B40      B40       38         0
                text21                              A7F      A7F        8         0
                text20                              D66      D66       7E         0
                text19                               19       19       21         0
                text18                              B78      B78       3F         0
                text17                               3A       3A      189         0
                text16                              A72      A72        2         0
                text15                              AD2      AD2       18         0
                text14                              E79      E79       B2         0
                text13                              BB7      BB7       48         0
                text12                              B21      B21       1F         0
                text11                              5B6      5B6      218         0
                text10                              1C3      1C3      1E1         0
                text9                               B04      B04       1D         0
                text8                               D01      D01       65         0
                text7                               DE4      DE4       95         0
                text6                               3A4      3A4      212         0
                text5                               AAB      AAB       11         0
                text4                               AEA      AEA       1A         0
                text3                               A87      A87        C         0
                text2                               A93      A93        C         0
                text1                               CA7      CA7       5A         0
                maintext                            BFF      BFF       4E         0
                clrtext                             A9F      A9F        C         0
                idataBANK1                          A74      A74        5         0

        CLASS   STRCODE        
                stringtext2                         858      858        7         0
                stringtext1                         800      800       58         0

        CLASS   STRING         

        CLASS   CONST          

        CLASS   ENTRY          

        CLASS   COMMON         
                cstackCOMMON                         70       70        E         1

        CLASS   BANK0          
                cstackBANK0                          20       20       46         1
                bssBANK0                             66       66        A         1

        CLASS   BANK1          
                dataBANK1                            E6       E6        5         1
                bssBANK1                             A0       A0       46         1

        CLASS   BANK2          

        CLASS   BANK3          

        CLASS   BANK4          

        CLASS   BANK5          

        CLASS   BANK6          

        CLASS   BIGRAM         

        CLASS   RAM            

        CLASS   ABS1           
                abs_s1                               7E       7E        2         1
                abs_s1                              2A8      2A8       48         1
                abs_s1                              320      320       10         1
                abs_s1                             2198     2198        0         1

        CLASS   SFR0           

        CLASS   SFR1           

        CLASS   SFR2           

        CLASS   SFR3           

        CLASS   SFR4           

        CLASS   SFR5           

        CLASS   SFR6           

        CLASS   SFR7           

        CLASS   SFR8           

        CLASS   SFR9           

        CLASS   SFR10          

        CLASS   SFR11          

        CLASS   SFR12          

        CLASS   SFR13          

        CLASS   SFR14          

        CLASS   SFR15          

        CLASS   SFR16          

        CLASS   SFR17          

        CLASS   SFR18          

        CLASS   SFR19          

        CLASS   SFR20          

        CLASS   SFR21          

        CLASS   SFR22          

        CLASS   SFR23          

        CLASS   SFR24          

        CLASS   SFR25          

        CLASS   SFR26          

        CLASS   SFR27          

        CLASS   SFR28          

        CLASS   SFR29          

        CLASS   SFR30          

        CLASS   SFR31          

        CLASS   CONFIG         
                config                             8007     8007        2         4

        CLASS   IDLOC          

        CLASS   BANK31         

        CLASS   BANK30         

        CLASS   BANK29         

        CLASS   BANK28         

        CLASS   BANK27         

        CLASS   BANK26         

        CLASS   BANK25         

        CLASS   BANK24         

        CLASS   BANK23         

        CLASS   BANK22         

        CLASS   BANK21         

        CLASS   BANK20         

        CLASS   BANK19         

        CLASS   BANK18         

        CLASS   BANK17         

        CLASS   BANK16         

        CLASS   BANK15         

        CLASS   BANK14         

        CLASS   BANK13         

        CLASS   BANK12         

        CLASS   BANK11         

        CLASS   BANK10         

        CLASS   BANK9          

        CLASS   BANK8          

        CLASS   BANK7          

        CLASS   EEDATA         



SEGMENTS        Name                           Load    Length   Top    Selector   Space  Class     Delta

                reset_vec                      000000  000019  000019         0       0  CODE        2
                cstackBANK0                    000020  000050  000070        20       1  BANK0       1
                text19                         000019  000021  00003A        32       0  CODE        2
                cstackCOMMON                   000070  00000E  00007E        70       1  COMMON      1
                text17                         00003A  000189  0001C3        74       0  CODE        2
                bssBANK1                       0000A0  00004B  0000EB        A0       1  BANK1       1
                text10                         0001C3  0001E1  0003A4       386       0  CODE        2
                text6                          0003A4  000212  0005B6       748       0  CODE        2
                text11                         0005B6  000218  0007CE       B6C       0  CODE        2
                cinit                          0007CE  000032  000800       F9C       0  CODE        2
                stringtext1                    000800  00005F  00085F      1000       0  STRCODE     2
                text16                         000A72  000002  000A74      14E4       0  CODE        2
                idataBANK1                     000A74  000005  000A79      14E8       0  CODE        2
                text24                         000A79  000006  000A7F      14F2       0  CODE        2
                text21                         000A7F  000008  000A87      14FE       0  CODE        2
                text3                          000A87  00000C  000A93      150E       0  CODE        2
                text2                          000A93  00000C  000A9F      1526       0  CODE        2
                clrtext                        000A9F  00000C  000AAB      153E       0  CODE        2
                text5                          000AAB  000011  000ABC      1556       0  CODE        2
                text27                         000ABC  000016  000AD2      1578       0  CODE        2
                text15                         000AD2  000018  000AEA      15A4       0  CODE        2
                text4                          000AEA  00001A  000B04      15D4       0  CODE        2
                text9                          000B04  00001D  000B21      1608       0  CODE        2
                text12                         000B21  00001F  000B40      1642       0  CODE        2
                text22                         000B40  000038  000B78      1680       0  CODE        2
                text18                         000B78  00003F  000BB7      16F0       0  CODE        2
                text13                         000BB7  000048  000BFF      176E       0  CODE        2
                maintext                       000BFF  00004E  000C4D      17FE       0  CODE        2
                text26                         000C4D  00005A  000CA7      189A       0  CODE        2
                text1                          000CA7  00005A  000D01      194E       0  CODE        2
                text8                          000D01  000065  000D66      1A02       0  CODE        2
                text20                         000D66  00007E  000DE4      1ACC       0  CODE        2
                text7                          000DE4  000095  000E79      1BC8       0  CODE        2
                text14                         000E79  0000B2  000F2B      1CF2       0  CODE        2
                text25                         000F2B  0000D5  001000      1E56       0  CODE        2


UNUSED ADDRESS RANGES

        Name                Unused          Largest block    Delta
        BANK1            000EB-000EF               5           1
        BANK2            00120-0016F              50           1
        BANK3            001A0-001EF              50           1
        BANK4            00220-0026F              50           1
        BANK5            002A0-002A7               8           1
        BIGRAM           02000-021EF             1F0           1
        CODE             0085F-00A71             213           2
        CONST            0085F-00A71             100           2
        ENTRY            0085F-00A71             100           2
        IDLOC            08000-08003               4           2
        RAM              000EB-000EF               5           1
                         00120-0016F              50
                         001A0-001EF              50
                         00220-0026F              50
                         002A0-002A7               8
        SFR0             00000-0001F              20           1
        SFR1             00080-0009F              20           1
        SFR10            00500-0056F              70           1
        SFR11            00580-005EF              70           1
        SFR12            00600-0066F              70           1
        SFR13            00680-006EF              70           1
        SFR14            00700-0076F              70           1
        SFR15            00780-007EF              70           1
        SFR16            00800-0086F              70           1
        SFR17            00880-008EF              70           1
        SFR18            00900-0096F              70           1
        SFR19            00980-009EF              70           1
        SFR2             00100-0011F              20           1
        SFR20            00A00-00A6F              70           1
        SFR21            00A80-00AEF              70           1
        SFR22            00B00-00B6F              70           1
        SFR23            00B80-00BEF              70           1
        SFR24            00C00-00C6F              70           1
        SFR25            00C80-00CEF              70           1
        SFR26            00D00-00D6F              70           1
        SFR27            00D80-00DEF              70           1
        SFR28            00E00-00E6F              70           1
        SFR29            00E80-00EEF              70           1
        SFR3             00180-0019F              20           1
        SFR30            00F00-00F6F              70           1
        SFR31            00F80-00FEF              70           1
        SFR4             00200-0021F              20           1
        SFR5             00280-0029F              20           1
        SFR6             00300-0031F              20           1
        SFR7             00380-003EF              70           1
        SFR8             00400-0046F              70           1
        SFR9             00480-004EF              70           1
        STACK            0209B-02197              FD           1
        STRCODE          0085F-00A71             213           2
        STRING           0085F-00A71             100           2

                                  Symbol Table

?_GetADC                 cstackCOMMON 00075
?__Umul8_16              cstackCOMMON 00070
?___fladd                cstackBANK0  0003A
?___flmul                cstackBANK0  00020
?___flsub                cstackBANK0  0004E
?___fltol                cstackBANK0  00056
?___xxtofl               cstackCOMMON 00070
DelayC@ct                cstackCOMMON 00074
DelayC@i                 cstackCOMMON 00072
GetADC@adbuf             cstackBANK0  00024
GetADC@ch                cstackBANK0  00020
GetADC@i                 cstackBANK0  00023
GetADC@total_ad          cstackBANK0  00021
GetKey@i                 cstackCOMMON 0007B
GetWater@i               cstackBANK0  00026
GetWater@j               cstackBANK0  00027
ReadCurrent@i            cstackCOMMON 0007B
ScanF@j1                 cstackCOMMON 00079
T500ms_Event@ADC_Val     cstackBANK0  00063
_ADCON0bits              (abs)        0009D
_ADCON1bits              (abs)        0009E
_ADMax                   dataBANK1    000E6
_ADMax2                  dataBANK1    000E8
_ADMin                   bssBANK1     000CC
_ADMin2                  bssBANK1     000D4
_ADRESH                  (abs)        0009C
_ADRESL                  (abs)        0009B
_AD_Cur                  bssBANK1     000A0
_AD_Tal                  bssBANK1     000CA
_AD_init                 text5        00AAB
_ANSELA                  (abs)        0018C
_ANSELB                  (abs)        0018D
_ANSELC                  (abs)        0018E
_CTA                     (abs)        02198
_CurMax                  bssBANK1     000D2
_CurMax2                 bssBANK1     000D0
_DelayC                  text27       00ABC
_ERRcnt                  bssBANK1     000D8
_ErrInf                  text21       00A7F
_Failcnt                 bssBANK1     000D7
_Flg                     bssBANK0     0006F
_Flg2                    bssBANK0     0006E
_Get3A                   bssBANK1     000E3
_GetADC                  text26       00C4D
_GetKey                  text25       00F2B
_GetWater                text19       00019
_INTCON                  (abs)        0000B
_INTCONbits              (abs)        0000B
_Key                     bssBANK0     0006A
_KeyADC                  bssBANK1     000C8
_KeyPro                  text18       00B78
_KeyTime                 bssBANK1     000DE
_LATA                    (abs)        0010C
_LATAbits                (abs)        0010C
_LATB                    (abs)        0010D
_LATBbits                (abs)        0010D
_LATC                    (abs)        0010E
_LATCbits                (abs)        0010E
_LED_OFF                 text22       00B40
_LED_Show                text14       00E79
_MinS_Cnt                bssBANK1     000D9
_NoWater                 bssBANK0     0006D
_OPTION_REG              (abs)        00095
_OPTION_REGbits          (abs)        00095
_OSCCONbits              (abs)        00099
_OSCSTAT                 (abs)        0009A
_OSCTUNE                 (abs)        00098
_PIE1bits                (abs)        00091
_PIR1bits                (abs)        00011
_PORTA                   (abs)        0000C
_PORTAbits               (abs)        0000C
_PORTB                   (abs)        0000D
_PORTBbits               (abs)        0000D
_PORTC                   (abs)        0000E
_PWM3CLKCONbits          (abs)        00DBE
_PWM3CONbits             (abs)        00DBB
_PWM3DCH                 (abs)        00DB4
_PWM3DCL                 (abs)        00DB3
_PWM3INTEbits            (abs)        00DBC
_PWM3INTFbits            (abs)        00DBD
_PWM3LDCONbits           (abs)        00DBF
_PWM3OFCONbits           (abs)        00DC0
_PWM3PHH                 (abs)        00DB2
_PWM3PHL                 (abs)        00DB1
_PWM3PRH                 (abs)        00DB6
_PWM3PRL                 (abs)        00DB5
_PWMOFF                  text23       00004
_PWMON                   text24       00A79
_PWMT                    stringtext1  00800
_PWMTime                 bssBANK1     000E4
_PWMTime_Val             dataBANK1    000EA
_PWM_init                text4        00AEA
_RC3PPS                  (abs)        00EA3
_ReadCurrent             text20       00D66
_ScanF                   text17       0003A
_ScanWait                bssBANK0     0006C
_T100ms_Event            text16       00A72
_T1CON                   (abs)        00018
_T1s_Event               text15       00AD2
_T30s_cnt                bssBANK1     000DB
_T500ms_Event            text6        003A4
_T500ms_Event$1203       cstackBANK0  00062
_TMR0                    (abs)        00015
_TMR1H                   (abs)        00017
_TMR1L                   (abs)        00016
_TMR1ON                  (abs)        000C0
_TRISA                   (abs)        0008C
_TRISB                   (abs)        0008D
_TRISC                   (abs)        0008E
_Time0_init              text3        00A87
_Time1_init              text2        00A93
_TouchTime               bssBANK0     00069
_TwoData_COM             text13       00BB7
_WPUA                    (abs)        0020C
_WPUB                    (abs)        0020D
_WPUC                    (abs)        0020E
__Habs1                  abs1         00000
__Hbank0                 bank0        00000
__Hbank1                 bank1        00000
__Hbank10                bank10       00000
__Hbank11                bank11       00000
__Hbank12                bank12       00000
__Hbank13                bank13       00000
__Hbank14                bank14       00000
__Hbank15                bank15       00000
__Hbank16                bank16       00000
__Hbank17                bank17       00000
__Hbank18                bank18       00000
__Hbank19                bank19       00000
__Hbank2                 bank2        00000
__Hbank20                bank20       00000
__Hbank21                bank21       00000
__Hbank22                bank22       00000
__Hbank23                bank23       00000
__Hbank24                bank24       00000
__Hbank25                bank25       00000
__Hbank26                bank26       00000
__Hbank27                bank27       00000
__Hbank28                bank28       00000
__Hbank29                bank29       00000
__Hbank3                 bank3        00000
__Hbank30                bank30       00000
__Hbank31                bank31       00000
__Hbank4                 bank4        00000
__Hbank5                 bank5        00000
__Hbank6                 bank6        00000
__Hbank7                 bank7        00000
__Hbank8                 bank8        00000
__Hbank9                 bank9        00000
__Hbigram                bigram       00000
__HbssBANK0              bssBANK0     00000
__HbssBANK1              bssBANK1     00000
__Hcinit                 cinit        00800
__Hclrtext               clrtext      00000
__Hcode                  code         00000
__Hcommon                common       00000
__Hconfig                config       08009
__HcstackBANK0           cstackBANK0  00000
__HcstackCOMMON          cstackCOMMON 00000
__HdataBANK1             dataBANK1    00000
__Heeprom_data           eeprom_data  00000
__Hend_init              end_init     00004
__Hfunctab               functab      00000
__HidataBANK1            idataBANK1   00000
__Hinit                  init         00002
__Hintentry              intentry     00002
__Hmaintext              maintext     00000
__Hpowerup               powerup      00000
__Hram                   ram          00000
__Hreset_vec             reset_vec    00002
__Hsfr0                  sfr0         00000
__Hsfr1                  sfr1         00000
__Hsfr10                 sfr10        00000
__Hsfr11                 sfr11        00000
__Hsfr12                 sfr12        00000
__Hsfr13                 sfr13        00000
__Hsfr14                 sfr14        00000
__Hsfr15                 sfr15        00000
__Hsfr16                 sfr16        00000
__Hsfr17                 sfr17        00000
__Hsfr18                 sfr18        00000
__Hsfr19                 sfr19        00000
__Hsfr2                  sfr2         00000
__Hsfr20                 sfr20        00000
__Hsfr21                 sfr21        00000
__Hsfr22                 sfr22        00000
__Hsfr23                 sfr23        00000
__Hsfr24                 sfr24        00000
__Hsfr25                 sfr25        00000
__Hsfr26                 sfr26        00000
__Hsfr27                 sfr27        00000
__Hsfr28                 sfr28        00000
__Hsfr29                 sfr29        00000
__Hsfr3                  sfr3         00000
__Hsfr30                 sfr30        00000
__Hsfr31                 sfr31        00000
__Hsfr4                  sfr4         00000
__Hsfr5                  sfr5         00000
__Hsfr6                  sfr6         00000
__Hsfr7                  sfr7         00000
__Hsfr8                  sfr8         00000
__Hsfr9                  sfr9         00000
__Hspace_0               (abs)        01000
__Hspace_1               (abs)        000EB
__Hspace_2               (abs)        00000
__Hspace_3               (abs)        00000
__Hspace_4               (abs)        10010
__Hstack                 stack        00000
__Hstrings               strings      00000
__Hstringtext1           stringtext1  00000
__Hstringtext2           stringtext2  00000
__Htext                  text         00000
__Labs1                  abs1         00000
__Lbank0                 bank0        00000
__Lbank1                 bank1        00000
__Lbank10                bank10       00000
__Lbank11                bank11       00000
__Lbank12                bank12       00000
__Lbank13                bank13       00000
__Lbank14                bank14       00000
__Lbank15                bank15       00000
__Lbank16                bank16       00000
__Lbank17                bank17       00000
__Lbank18                bank18       00000
__Lbank19                bank19       00000
__Lbank2                 bank2        00000
__Lbank20                bank20       00000
__Lbank21                bank21       00000
__Lbank22                bank22       00000
__Lbank23                bank23       00000
__Lbank24                bank24       00000
__Lbank25                bank25       00000
__Lbank26                bank26       00000
__Lbank27                bank27       00000
__Lbank28                bank28       00000
__Lbank29                bank29       00000
__Lbank3                 bank3        00000
__Lbank30                bank30       00000
__Lbank31                bank31       00000
__Lbank4                 bank4        00000
__Lbank5                 bank5        00000
__Lbank6                 bank6        00000
__Lbank7                 bank7        00000
__Lbank8                 bank8        00000
__Lbank9                 bank9        00000
__Lbigram                bigram       00000
__LbssBANK0              bssBANK0     00000
__LbssBANK1              bssBANK1     00000
__Lcinit                 cinit        007CE
__Lclrtext               clrtext      00000
__Lcode                  code         00000
__Lcommon                common       00000
__Lconfig                config       00000
__LcstackBANK0           cstackBANK0  00000
__LcstackCOMMON          cstackCOMMON 00000
__LdataBANK1             dataBANK1    00000
__Leeprom_data           eeprom_data  00000
__Lend_init              end_init     00002
__Lfunctab               functab      00000
__LidataBANK1            idataBANK1   00000
__Linit                  init         00002
__Lintentry              intentry     00002
__Lmaintext              maintext     00000
__Lpowerup               powerup      00000
__Lram                   ram          00000
__Lreset_vec             reset_vec    00000
__Lsfr0                  sfr0         00000
__Lsfr1                  sfr1         00000
__Lsfr10                 sfr10        00000
__Lsfr11                 sfr11        00000
__Lsfr12                 sfr12        00000
__Lsfr13                 sfr13        00000
__Lsfr14                 sfr14        00000
__Lsfr15                 sfr15        00000
__Lsfr16                 sfr16        00000
__Lsfr17                 sfr17        00000
__Lsfr18                 sfr18        00000
__Lsfr19                 sfr19        00000
__Lsfr2                  sfr2         00000
__Lsfr20                 sfr20        00000
__Lsfr21                 sfr21        00000
__Lsfr22                 sfr22        00000
__Lsfr23                 sfr23        00000
__Lsfr24                 sfr24        00000
__Lsfr25                 sfr25        00000
__Lsfr26                 sfr26        00000
__Lsfr27                 sfr27        00000
__Lsfr28                 sfr28        00000
__Lsfr29                 sfr29        00000
__Lsfr3                  sfr3         00000
__Lsfr30                 sfr30        00000
__Lsfr31                 sfr31        00000
__Lsfr4                  sfr4         00000
__Lsfr5                  sfr5         00000
__Lsfr6                  sfr6         00000
__Lsfr7                  sfr7         00000
__Lsfr8                  sfr8         00000
__Lsfr9                  sfr9         00000
__Lspace_0               (abs)        00000
__Lspace_1               (abs)        00000
__Lspace_2               (abs)        00000
__Lspace_3               (abs)        00000
__Lspace_4               (abs)        00000
__Lstack                 stack        00000
__Lstrings               strings      00000
__Lstringtext1           stringtext1  00000
__Lstringtext2           stringtext2  00000
__Ltext                  text         00000
__S0                     (abs)        01000
__S1                     (abs)        000EB
__S2                     (abs)        00000
__Umul8_16               text12       00B21
__Umul8_16@multiplicand  cstackCOMMON 00070
__Umul8_16@multiplier    cstackCOMMON 00078
__Umul8_16@product       cstackCOMMON 00074
__Umul8_16@word_mpld     cstackCOMMON 00076
___fladd                 text10       001C3
___fladd@a               cstackBANK0  0003E
___fladd@aexp            cstackBANK0  0004B
___fladd@b               cstackBANK0  0003A
___fladd@bexp            cstackBANK0  0004C
___fladd@grs             cstackBANK0  0004D
___fladd@signs           cstackBANK0  0004A
___flmul                 text11       005B6
___flmul@a               cstackBANK0  00024
___flmul@aexp            cstackBANK0  0002E
___flmul@b               cstackBANK0  00020
___flmul@bexp            cstackBANK0  00033
___flmul@grs             cstackBANK0  0002F
___flmul@prod            cstackBANK0  00034
___flmul@sign            cstackBANK0  0002D
___flmul@temp            cstackBANK0  00038
___flsub                 text9        00B04
___flsub@a               cstackBANK0  0004E
___flsub@b               cstackBANK0  00052
___fltol                 text8        00D01
___fltol@exp1            cstackBANK0  00060
___fltol@f1              cstackBANK0  00056
___fltol@sign1           cstackBANK0  0005F
___int_sp                stack        00000
___latbits               (abs)        00001
___sp                    stack        00000
___stackhi               (abs)        02197
___stacklo               (abs)        0209B
___xxtofl                text7        00DE4
___xxtofl@arg            cstackCOMMON 0007A
___xxtofl@exp            cstackCOMMON 00079
___xxtofl@sign           cstackCOMMON 00078
___xxtofl@val            cstackCOMMON 00070
__end_of_AD_init         text5        00ABC
__end_of_DelayC          text27       00AD2
__end_of_ErrInf          text21       00A87
__end_of_GetADC          text26       00CA7
__end_of_GetKey          text25       01000
__end_of_GetWater        text19       0003A
__end_of_KeyPro          text18       00BB7
__end_of_LED_OFF         text22       00B78
__end_of_LED_Show        text14       00F2B
__end_of_PWMOFF          text23       00019
__end_of_PWMON           text24       00A7F
__end_of_PWMT            stringtext1  00858
__end_of_PWM_init        text4        00B04
__end_of_ReadCurrent     text20       00DE4
__end_of_ScanF           text17       001C3
__end_of_T100ms_Event    text16       00A74
__end_of_T1s_Event       text15       00AEA
__end_of_T500ms_Event    text6        005B6
__end_of_Time0_init      text3        00A93
__end_of_Time1_init      text2        00A9F
__end_of_TwoData_COM     text13       00BFF
__end_of__Umul8_16       text12       00B40
__end_of___fladd         text10       003A4
__end_of___flmul         text11       007CE
__end_of___flsub         text9        00B21
__end_of___fltol         text8        00D66
__end_of___xxtofl        text7        00E79
__end_of__initialization cinit        007FD
__end_of_init            text1        00D01
__end_of_main            maintext     00C4D
__end_of_time_it         stringtext2  0085F
__initialization         cinit        007CE
__pbssBANK0              bssBANK0     00066
__pbssBANK1              bssBANK1     000A0
__pbssBIGRAM             (abs)        02198
__pcstackBANK0           cstackBANK0  00020
__pcstackCOMMON          cstackCOMMON 00070
__pdataBANK1             dataBANK1    000E6
__pidataBANK1            idataBANK1   00A74
__pmaintext              maintext     00BFF
__pstringtext1           stringtext1  00800
__pstringtext2           stringtext2  00858
__ptext1                 text1        00CA7
__ptext10                text10       001C3
__ptext11                text11       005B6
__ptext12                text12       00B21
__ptext13                text13       00BB7
__ptext14                text14       00E79
__ptext15                text15       00AD2
__ptext16                text16       00A72
__ptext17                text17       0003A
__ptext18                text18       00B78
__ptext19                text19       00019
__ptext2                 text2        00A93
__ptext20                text20       00D66
__ptext21                text21       00A7F
__ptext22                text22       00B40
__ptext23                text23       00004
__ptext24                text24       00A79
__ptext25                text25       00F2B
__ptext26                text26       00C4D
__ptext27                text27       00ABC
__ptext3                 text3        00A87
__ptext4                 text4        00AEA
__ptext5                 text5        00AAB
__ptext6                 text6        003A4
__ptext7                 text7        00DE4
__ptext8                 text8        00D01
__ptext9                 text9        00B04
__size_of_AD_init        (abs)        00000
__size_of_DelayC         (abs)        00000
__size_of_ErrInf         (abs)        00000
__size_of_GetADC         (abs)        00000
__size_of_GetKey         (abs)        00000
__size_of_GetWater       (abs)        00000
__size_of_KeyPro         (abs)        00000
__size_of_LED_OFF        (abs)        00000
__size_of_LED_Show       (abs)        00000
__size_of_PWMOFF         (abs)        00000
__size_of_PWMON          (abs)        00000
__size_of_PWM_init       (abs)        00000
__size_of_ReadCurrent    (abs)        00000
__size_of_ScanF          (abs)        00000
__size_of_T100ms_Event   (abs)        00000
__size_of_T1s_Event      (abs)        00000
__size_of_T500ms_Event   (abs)        00000
__size_of_Time0_init     (abs)        00000
__size_of_Time1_init     (abs)        00000
__size_of_TwoData_COM    (abs)        00000
__size_of__Umul8_16      (abs)        00000
__size_of___fladd        (abs)        00000
__size_of___flmul        (abs)        00000
__size_of___flsub        (abs)        00000
__size_of___fltol        (abs)        00000
__size_of___xxtofl       (abs)        00000
__size_of_init           (abs)        00000
__size_of_main           (abs)        00000
_adc_false_cnt           bssBANK1     000DF
_adc_true_cnt            bssBANK1     000E0
_adkey                   bssBANK0     00066
_bFors_High              bssBANK1     000E1
_frq                     bssBANK0     0006B
_getcnt                  bssBANK1     000E2
_hze                     bssBANK1     000E5
_init                    text1        00CA7
_main                    maintext     00BFF
_nt                      bssBANK1     000D6
_readkeytime             bssBANK1     000DD
_stakeytime              bssBANK0     00068
btemp                    (abs)        0007E
clear_ram0               clrtext      00A9F
end_of_initialization    cinit        007FD
intlevel0                functab      00000
intlevel1                functab      00000
intlevel2                functab      00000
intlevel3                functab      00000
intlevel4                functab      00000
intlevel5                functab      00000
reset_vec                reset_vec    00000
start                    init         00002
start_initialization     cinit        007CE
wtemp0                   (abs)        0007E


MODULE INFORMATION

Module		Function		Class		Link	Load	Size
C:\Program Files\Microchip\xc8\v2.32\pic\sources\c99\common\sprcadd.c
		___flsub       		CODE           	0B04	0000	29
		___fladd       		CODE           	01C3	0000	481

C:\Program Files\Microchip\xc8\v2.32\pic\sources\c99\common\sprcadd.c estimated size: 510

User/newmain.c
		_PWMOFF        		CODE           	0004	0000	21
		_T500ms_Event  		CODE           	03A4	0000	530
		_T1s_Event     		CODE           	0AD2	0000	24
		_ReadCurrent   		CODE           	0D66	0000	126
		_LED_OFF       		CODE           	0B40	0000	56
		_main          		CODE           	0BFF	0000	78
		_PWMON         		CODE           	0A79	0000	6
		_GetADC        		CODE           	0C4D	0000	90
		_GetKey        		CODE           	0F2B	0000	213
		_ErrInf        		CODE           	0A7F	0000	8
		_DelayC        		CODE           	0ABC	0000	22
		_LED_Show      		CODE           	0E79	0000	178
		_KeyPro        		CODE           	0B78	0000	63
		_T100ms_Event  		CODE           	0A72	0000	2

User/newmain.c estimated size: 1417

shared
		_time_it       		STRCODE        	0000	0000	0
		_PWMT          		STRCODE        	0800	0000	88
		__initialization		CODE           	07CE	0000	47

shared estimated size: 135

C:\Program Files\Microchip\xc8\v2.32\pic\sources\c99\common\sprcmul.c
		___flmul       		CODE           	05B6	0000	536

C:\Program Files\Microchip\xc8\v2.32\pic\sources\c99\common\sprcmul.c estimated size: 536

User/init.c
		_init          		CODE           	0CA7	0000	90
		_AD_init       		CODE           	0AAB	0000	17
		_PWM_init      		CODE           	0AEA	0000	26
		_Time0_init    		CODE           	0A87	0000	12
		_Time1_init    		CODE           	0A93	0000	12

User/init.c estimated size: 157

C:\Program Files\Microchip\xc8\v2.32\pic\sources\c99\common\Umul8_16.c
		__Umul8_16     		CODE           	0B21	0000	31

C:\Program Files\Microchip\xc8\v2.32\pic\sources\c99\common\Umul8_16.c estimated size: 31

User/Fog.c
		_TwoData_COM   		CODE           	0BB7	0000	72
		_GetWater      		CODE           	0019	0000	33
		_ScanF         		CODE           	003A	0000	393

User/Fog.c estimated size: 498

C:\Program Files\Microchip\xc8\v2.32\pic\sources\c99\common\fltol.c
		___fltol       		CODE           	0D01	0000	101

C:\Program Files\Microchip\xc8\v2.32\pic\sources\c99\common\fltol.c estimated size: 101

C:\Program Files\Microchip\xc8\v2.32\pic\sources\c99\common\xxtofl.c
		___xxtofl      		CODE           	0DE4	0000	149

C:\Program Files\Microchip\xc8\v2.32\pic\sources\c99\common\xxtofl.c estimated size: 149

